Retrieving project…
> Running Dev Command “vite --port $PORT”

  [32m[1mVITE[22m v7.3.1[39m  [2mready in [0m[1m99[22m[2m[0m ms[22m

  [32m➜[39m  [1mLocal[22m:   [36mhttp://localhost:[1m3000[22m/[39m
[2m  [32m➜[39m  [1mNetwork[22m[2m: use [22m[1m--host[22m[2m to expose[22m
[2m[32m  ➜[39m[22m[2m  press [22m[1mh + enter[22m[2m to show help[22m
> Ready! Available at http://localhost:3000
